// Jest Snapshot v1, https://goo.gl/fbAQLP

exports[`Todo Input tests renders correctly TodoItem 2  1`] = `
<div
  className="todo-input"
>
  <input
    id="todo-input"
    onChange={[Function]}
    onKeyUp={[Function]}
    placeholder="Add your new todo"
    type="text"
    value=""
  />
  <button
    className=""
    id="todo-input-btn"
    onClick={[Function]}
  >
    <svg
      aria-hidden="true"
      className="svg-inline--fa fa-plus "
      data-icon="plus"
      data-prefix="fas"
      focusable="false"
      role="img"
      style={Object {}}
      viewBox="0 0 448 512"
      xmlns="http://www.w3.org/2000/svg"
    >
      <path
        d="M432 256c0 17.69-14.33 32.01-32 32.01H256v144c0 17.69-14.33 31.99-32 31.99s-32-14.3-32-31.99v-144H48c-17.67 0-32-14.32-32-32.01s14.33-31.99 32-31.99H192v-144c0-17.69 14.33-32.01 32-32.01s32 14.32 32 32.01v144h144C417.7 224 432 238.3 432 256z"
        fill="currentColor"
        style={Object {}}
      />
    </svg>
  </button>
</div>
`;

exports[`renders correctly TodoItem  1`] = `
<div
  className="todo-input"
>
  <input
    id="todo-input"
    onChange={[Function]}
    onKeyUp={[Function]}
    placeholder="Add your new todo"
    type="text"
    value=""
  />
  <button
    className=""
    id="todo-input-btn"
    onClick={[Function]}
  >
    <svg
      aria-hidden="true"
      className="svg-inline--fa fa-plus "
      data-icon="plus"
      data-prefix="fas"
      focusable="false"
      role="img"
      style={Object {}}
      viewBox="0 0 448 512"
      xmlns="http://www.w3.org/2000/svg"
    >
      <path
        d="M432 256c0 17.69-14.33 32.01-32 32.01H256v144c0 17.69-14.33 31.99-32 31.99s-32-14.3-32-31.99v-144H48c-17.67 0-32-14.32-32-32.01s14.33-31.99 32-31.99H192v-144c0-17.69 14.33-32.01 32-32.01s32 14.32 32 32.01v144h144C417.7 224 432 238.3 432 256z"
        fill="currentColor"
        style={Object {}}
      />
    </svg>
  </button>
</div>
`;
